EN v_ffd NULL C:/Users/laplace/Desktop/Git/voltimetro/application/source/voltimetro/v_ffd.vhd sub00/vhpl00 1551761161
AR v_control_vga v_control_vga_a C:/Users/laplace/Desktop/Git/voltimetro/application/source/voltimetro/v_control_VGA.vhd sub00/vhpl30 1551761191
EN v_cont_bcd_base NULL C:/Users/laplace/Desktop/Git/voltimetro/application/source/voltimetro/v_cont_BCD_base.vhd sub00/vhpl13 1551761174
EN v_cont_bcd NULL C:/Users/laplace/Desktop/Git/voltimetro/application/source/voltimetro/v_cont_BCD.vhd sub00/vhpl21 1551761182
AR v_cont_bcd_base v_cont_bcd_base_a C:/Users/laplace/Desktop/Git/voltimetro/application/source/voltimetro/v_cont_BCD_base.vhd sub00/vhpl14 1551761175
AR v_reg_base v_reg_base_a C:/Users/laplace/Desktop/Git/voltimetro/application/source/voltimetro/v_reg_base.vhd sub00/vhpl12 1551761173
AR v_cont_bin_base v_cont_bin_base_a C:/Users/laplace/Desktop/Git/voltimetro/application/source/voltimetro/v_cont_bin_base.vhd sub00/vhpl03 1551761164
AR v_mux_2x1 v_mux_2x1_a C:/Users/laplace/Desktop/Git/voltimetro/application/source/voltimetro/v_mux_2x1.vhd sub00/vhpl10 1551761171
AR v_ffd v_ffd_a C:/Users/laplace/Desktop/Git/voltimetro/application/source/voltimetro/v_ffd.vhd sub00/vhpl01 1551761162
AR voltimetro voltimetro_a C:/Users/laplace/Desktop/Git/voltimetro/application/source/voltimetro/voltimetro.vhd sub00/vhpl32 1551761193
PH matrix_type NULL C:/Users/laplace/Desktop/Git/voltimetro/application/source/voltimetro/matrix_type.vhd sub00/vhpl04 1551761165
AR v_cont_v v_cont_v_a C:/Users/laplace/Desktop/Git/voltimetro/application/source/voltimetro/v_cont_v.vhd sub00/vhpl08 1551761169
EN v_reg_base NULL C:/Users/laplace/Desktop/Git/voltimetro/application/source/voltimetro/v_reg_base.vhd sub00/vhpl11 1551761172
EN v_div_frec NULL C:/Users/laplace/Desktop/Git/voltimetro/application/source/voltimetro/v_div_frec.vhd sub00/vhpl15 1551761176
EN v_cont_h NULL C:/Users/laplace/Desktop/Git/voltimetro/application/source/voltimetro/v_cont_h.vhd sub00/vhpl05 1551761166
EN v_adc NULL C:/Users/laplace/Desktop/Git/voltimetro/application/source/voltimetro/v_ADC.vhd sub00/vhpl17 1551761178
AR v_mux v_mux_a C:/Users/laplace/Desktop/Git/voltimetro/application/source/voltimetro/v_MUX.vhd sub00/vhpl26 1551761187
EN v_cont_v NULL C:/Users/laplace/Desktop/Git/voltimetro/application/source/voltimetro/v_cont_v.vhd sub00/vhpl07 1551761168
AR v_cga v_cga_a C:/Users/laplace/Desktop/Git/voltimetro/application/source/voltimetro/v_CGA.vhd sub00/vhpl28 1551761189
EN v_cont_33000 NULL C:/Users/laplace/Desktop/Git/voltimetro/application/source/voltimetro/v_cont_33000.vhd sub00/vhpl19 1551761180
EN v_mux NULL C:/Users/laplace/Desktop/Git/voltimetro/application/source/voltimetro/v_MUX.vhd sub00/vhpl25 1551761186
EN voltimetro NULL C:/Users/laplace/Desktop/Git/voltimetro/application/source/voltimetro/voltimetro.vhd sub00/vhpl31 1551761192
AR v_adc v_adc_a C:/Users/laplace/Desktop/Git/voltimetro/application/source/voltimetro/v_ADC.vhd sub00/vhpl18 1551761179
AR v_cont_33000 v_cont_33000_a C:/Users/laplace/Desktop/Git/voltimetro/application/source/voltimetro/v_cont_33000.vhd sub00/vhpl20 1551761181
EN v_reg NULL C:/Users/laplace/Desktop/Git/voltimetro/application/source/voltimetro/v_reg.vhd sub00/vhpl23 1551761184
EN v_cga NULL C:/Users/laplace/Desktop/Git/voltimetro/application/source/voltimetro/v_CGA.vhd sub00/vhpl27 1551761188
EN v_cont_bin_base NULL C:/Users/laplace/Desktop/Git/voltimetro/application/source/voltimetro/v_cont_bin_base.vhd sub00/vhpl02 1551761163
EN v_control_vga NULL C:/Users/laplace/Desktop/Git/voltimetro/application/source/voltimetro/v_control_VGA.vhd sub00/vhpl29 1551761190
AR v_div_frec v_div_frec_a C:/Users/laplace/Desktop/Git/voltimetro/application/source/voltimetro/v_div_frec.vhd sub00/vhpl16 1551761177
EN v_mux_2x1 NULL C:/Users/laplace/Desktop/Git/voltimetro/application/source/voltimetro/v_mux_2x1.vhd sub00/vhpl09 1551761170
AR v_cont_h v_cont_h_a C:/Users/laplace/Desktop/Git/voltimetro/application/source/voltimetro/v_cont_h.vhd sub00/vhpl06 1551761167
AR v_cont_bcd v_cont_bcd_a C:/Users/laplace/Desktop/Git/voltimetro/application/source/voltimetro/v_cont_BCD.vhd sub00/vhpl22 1551761183
AR v_reg v_reg_a C:/Users/laplace/Desktop/Git/voltimetro/application/source/voltimetro/v_reg.vhd sub00/vhpl24 1551761185
