V3 65
FL C:/Users/laplace/Desktop/Git/voltimetro/application/source/voltimetro/matrix_type.vhd 2019/03/04.17:33:28 P.20131013
PH work/matrix_type 1551761165 \
      FL C:/Users/laplace/Desktop/Git/voltimetro/application/source/voltimetro/matrix_type.vhd \
      PB ieee/std_logic_1164 1381692176
FL C:/Users/laplace/Desktop/Git/voltimetro/application/source/voltimetro/voltimetro.vhd 2019/03/04.22:58:41 P.20131013
EN work/voltimetro 1551761192 \
      FL C:/Users/laplace/Desktop/Git/voltimetro/application/source/voltimetro/voltimetro.vhd \
      PB ieee/std_logic_1164 1381692176 PH work/matrix_type 1551761165
AR work/voltimetro/voltimetro_a 1551761193 \
      FL C:/Users/laplace/Desktop/Git/voltimetro/application/source/voltimetro/voltimetro.vhd \
      EN work/voltimetro 1551761192 CP v_div_frec CP v_ADC CP v_cont_33000 \
      CP v_cont_BCD CP v_reg CP v_MUX CP v_cga CP v_control_VGA
FL C:/Users/laplace/Desktop/Git/voltimetro/application/source/voltimetro/v_ADC.vhd 2019/03/01.21:39:24 P.20131013
EN work/v_ADC 1551761178 \
      FL C:/Users/laplace/Desktop/Git/voltimetro/application/source/voltimetro/v_ADC.vhd \
      PB ieee/std_logic_1164 1381692176
AR work/v_ADC/v_ADC_a 1551761179 \
      FL C:/Users/laplace/Desktop/Git/voltimetro/application/source/voltimetro/v_ADC.vhd \
      EN work/v_ADC 1551761178 CP v_ffd
FL C:/Users/laplace/Desktop/Git/voltimetro/application/source/voltimetro/v_CGA.vhd 2019/03/04.23:39:09 P.20131013
EN work/v_CGA 1551761188 \
      FL C:/Users/laplace/Desktop/Git/voltimetro/application/source/voltimetro/v_CGA.vhd \
      PB ieee/std_logic_1164 1381692176 PB ieee/NUMERIC_STD 1381692181 \
      PH work/matrix_type 1551761165
AR work/v_CGA/v_CGA_a 1551761189 \
      FL C:/Users/laplace/Desktop/Git/voltimetro/application/source/voltimetro/v_CGA.vhd \
      EN work/v_CGA 1551761188 CP v_mux_2x1
FL C:/Users/laplace/Desktop/Git/voltimetro/application/source/voltimetro/v_control_VGA.vhd 2019/03/04.23:20:36 P.20131013
EN work/v_control_VGA 1551761190 \
      FL C:/Users/laplace/Desktop/Git/voltimetro/application/source/voltimetro/v_control_VGA.vhd \
      PB ieee/std_logic_1164 1381692176 PB ieee/NUMERIC_STD 1381692181
AR work/v_control_VGA/v_control_VGA_a 1551761191 \
      FL C:/Users/laplace/Desktop/Git/voltimetro/application/source/voltimetro/v_control_VGA.vhd \
      EN work/v_control_VGA 1551761190 CP v_cont_h CP v_cont_v CP v_mux_2x1
FL C:/Users/laplace/Desktop/Git/voltimetro/application/source/voltimetro/v_cont_33000.vhd 2019/02/27.20:08:39 P.20131013
EN work/v_cont_33000 1551761180 \
      FL C:/Users/laplace/Desktop/Git/voltimetro/application/source/voltimetro/v_cont_33000.vhd \
      PB ieee/std_logic_1164 1381692176
AR work/v_cont_33000/v_cont_33000_a 1551761181 \
      FL C:/Users/laplace/Desktop/Git/voltimetro/application/source/voltimetro/v_cont_33000.vhd \
      EN work/v_cont_33000 1551761180 CP v_ffd CP v_cont_bin_base
FL C:/Users/laplace/Desktop/Git/voltimetro/application/source/voltimetro/v_cont_BCD.vhd 2019/03/02.18:30:39 P.20131013
EN work/v_cont_BCD 1551761182 \
      FL C:/Users/laplace/Desktop/Git/voltimetro/application/source/voltimetro/v_cont_BCD.vhd \
      PB ieee/std_logic_1164 1381692176 PH work/matrix_type 1551761165
AR work/v_cont_BCD/v_cont_BCD_a 1551761183 \
      FL C:/Users/laplace/Desktop/Git/voltimetro/application/source/voltimetro/v_cont_BCD.vhd \
      EN work/v_cont_BCD 1551761182 CP v_cont_BCD_base
FL C:/Users/laplace/Desktop/Git/voltimetro/application/source/voltimetro/v_cont_BCD_base.vhd 2019/02/27.20:08:39 P.20131013
EN work/v_cont_BCD_base 1551761174 \
      FL C:/Users/laplace/Desktop/Git/voltimetro/application/source/voltimetro/v_cont_BCD_base.vhd \
      PB ieee/std_logic_1164 1381692176
AR work/v_cont_BCD_base/v_cont_BCD_base_a 1551761175 \
      FL C:/Users/laplace/Desktop/Git/voltimetro/application/source/voltimetro/v_cont_BCD_base.vhd \
      EN work/v_cont_BCD_base 1551761174 CP v_ffd CP v_cont_bin_base
FL C:/Users/laplace/Desktop/Git/voltimetro/application/source/voltimetro/v_cont_bin_base.vhd 2019/02/27.20:08:39 P.20131013
EN work/v_cont_bin_base 1551761163 \
      FL C:/Users/laplace/Desktop/Git/voltimetro/application/source/voltimetro/v_cont_bin_base.vhd \
      PB ieee/std_logic_1164 1381692176
AR work/v_cont_bin_base/v_cont_bin_base_a 1551761164 \
      FL C:/Users/laplace/Desktop/Git/voltimetro/application/source/voltimetro/v_cont_bin_base.vhd \
      EN work/v_cont_bin_base 1551761163 CP v_ffd
FL C:/Users/laplace/Desktop/Git/voltimetro/application/source/voltimetro/v_cont_h.vhd 2019/03/04.17:25:33 P.20131013
EN work/v_cont_h 1551761166 \
      FL C:/Users/laplace/Desktop/Git/voltimetro/application/source/voltimetro/v_cont_h.vhd \
      PB ieee/std_logic_1164 1381692176
AR work/v_cont_h/v_cont_h_a 1551761167 \
      FL C:/Users/laplace/Desktop/Git/voltimetro/application/source/voltimetro/v_cont_h.vhd \
      EN work/v_cont_h 1551761166 CP v_ffd CP v_cont_bin_base
FL C:/Users/laplace/Desktop/Git/voltimetro/application/source/voltimetro/v_cont_v.vhd 2019/03/04.22:31:48 P.20131013
EN work/v_cont_v 1551761168 \
      FL C:/Users/laplace/Desktop/Git/voltimetro/application/source/voltimetro/v_cont_v.vhd \
      PB ieee/std_logic_1164 1381692176
AR work/v_cont_v/v_cont_v_a 1551761169 \
      FL C:/Users/laplace/Desktop/Git/voltimetro/application/source/voltimetro/v_cont_v.vhd \
      EN work/v_cont_v 1551761168 CP v_ffd CP v_cont_bin_base
FL C:/Users/laplace/Desktop/Git/voltimetro/application/source/voltimetro/v_div_frec.vhd 2019/03/04.16:07:50 P.20131013
EN work/v_div_frec 1551761176 \
      FL C:/Users/laplace/Desktop/Git/voltimetro/application/source/voltimetro/v_div_frec.vhd \
      PB ieee/std_logic_1164 1381692176
AR work/v_div_frec/v_div_frec_a 1551761177 \
      FL C:/Users/laplace/Desktop/Git/voltimetro/application/source/voltimetro/v_div_frec.vhd \
      EN work/v_div_frec 1551761176 CP v_ffd
FL C:/Users/laplace/Desktop/Git/voltimetro/application/source/voltimetro/v_ffd.vhd 2019/03/01.21:17:43 P.20131013
EN work/v_ffd 1551761161 \
      FL C:/Users/laplace/Desktop/Git/voltimetro/application/source/voltimetro/v_ffd.vhd \
      PB ieee/std_logic_1164 1381692176 PB ieee/STD_LOGIC_UNSIGNED 1381692179
AR work/v_ffd/v_ffd_a 1551761162 \
      FL C:/Users/laplace/Desktop/Git/voltimetro/application/source/voltimetro/v_ffd.vhd \
      EN work/v_ffd 1551761161
FL C:/Users/laplace/Desktop/Git/voltimetro/application/source/voltimetro/v_MUX.vhd 2019/03/04.22:09:43 P.20131013
EN work/v_MUX 1551761186 \
      FL C:/Users/laplace/Desktop/Git/voltimetro/application/source/voltimetro/v_MUX.vhd \
      PB ieee/std_logic_1164 1381692176 PB ieee/NUMERIC_STD 1381692181 \
      PH work/matrix_type 1551761165
AR work/v_MUX/v_MUX_a 1551761187 \
      FL C:/Users/laplace/Desktop/Git/voltimetro/application/source/voltimetro/v_MUX.vhd \
      EN work/v_MUX 1551761186
FL C:/Users/laplace/Desktop/Git/voltimetro/application/source/voltimetro/v_mux_2x1.vhd 2019/03/04.23:37:14 P.20131013
EN work/v_mux_2x1 1551761170 \
      FL C:/Users/laplace/Desktop/Git/voltimetro/application/source/voltimetro/v_mux_2x1.vhd \
      PB ieee/std_logic_1164 1381692176
AR work/v_mux_2x1/v_mux_2x1_a 1551761171 \
      FL C:/Users/laplace/Desktop/Git/voltimetro/application/source/voltimetro/v_mux_2x1.vhd \
      EN work/v_mux_2x1 1551761170
FL C:/Users/laplace/Desktop/Git/voltimetro/application/source/voltimetro/v_reg.vhd 2019/03/04.22:31:08 P.20131013
EN work/v_reg 1551761184 \
      FL C:/Users/laplace/Desktop/Git/voltimetro/application/source/voltimetro/v_reg.vhd \
      PB ieee/std_logic_1164 1381692176 PH work/matrix_type 1551761165
AR work/v_reg/v_reg_a 1551761185 \
      FL C:/Users/laplace/Desktop/Git/voltimetro/application/source/voltimetro/v_reg.vhd \
      EN work/v_reg 1551761184 CP v_reg_base
FL C:/Users/laplace/Desktop/Git/voltimetro/application/source/voltimetro/v_reg_base.vhd 2019/03/02.19:09:07 P.20131013
EN work/v_reg_base 1551761172 \
      FL C:/Users/laplace/Desktop/Git/voltimetro/application/source/voltimetro/v_reg_base.vhd \
      PB ieee/std_logic_1164 1381692176 PH work/matrix_type 1551761165
AR work/v_reg_base/v_reg_base_a 1551761173 \
      FL C:/Users/laplace/Desktop/Git/voltimetro/application/source/voltimetro/v_reg_base.vhd \
      EN work/v_reg_base 1551761172 CP v_ffd
