V3 65
FL C:/Users/laplace/Desktop/Git/voltimetro/application/source/voltimetro/matrix_type.vhd 2019/03/04.17:33:28 P.20131013
PH work/matrix_type 1551751720 \
      FL C:/Users/laplace/Desktop/Git/voltimetro/application/source/voltimetro/matrix_type.vhd \
      PB ieee/std_logic_1164 1381692176
FL C:/Users/laplace/Desktop/Git/voltimetro/application/source/voltimetro/voltimetro.vhd 2019/03/04.22:58:41 P.20131013
EN work/voltimetro 1551751747 \
      FL C:/Users/laplace/Desktop/Git/voltimetro/application/source/voltimetro/voltimetro.vhd \
      PB ieee/std_logic_1164 1381692176 PH work/matrix_type 1551751720
AR work/voltimetro/voltimetro_a 1551751748 \
      FL C:/Users/laplace/Desktop/Git/voltimetro/application/source/voltimetro/voltimetro.vhd \
      EN work/voltimetro 1551751747 CP v_div_frec CP v_ADC CP v_cont_33000 \
      CP v_cont_BCD CP v_reg CP v_MUX CP v_cga CP v_control_VGA
FL C:/Users/laplace/Desktop/Git/voltimetro/application/source/voltimetro/v_ADC.vhd 2019/03/01.21:39:24 P.20131013
EN work/v_ADC 1551751733 \
      FL C:/Users/laplace/Desktop/Git/voltimetro/application/source/voltimetro/v_ADC.vhd \
      PB ieee/std_logic_1164 1381692176
AR work/v_ADC/v_ADC_a 1551751734 \
      FL C:/Users/laplace/Desktop/Git/voltimetro/application/source/voltimetro/v_ADC.vhd \
      EN work/v_ADC 1551751733 CP v_ffd
FL C:/Users/laplace/Desktop/Git/voltimetro/application/source/voltimetro/v_CGA.vhd 2019/03/04.23:08:05 P.20131013
EN work/v_CGA 1551751743 \
      FL C:/Users/laplace/Desktop/Git/voltimetro/application/source/voltimetro/v_CGA.vhd \
      PB ieee/std_logic_1164 1381692176 PB ieee/NUMERIC_STD 1381692181 \
      PH work/matrix_type 1551751720
AR work/v_CGA/v_CGA_a 1551751744 \
      FL C:/Users/laplace/Desktop/Git/voltimetro/application/source/voltimetro/v_CGA.vhd \
      EN work/v_CGA 1551751743 CP v_mux_2x1
FL C:/Users/laplace/Desktop/Git/voltimetro/application/source/voltimetro/v_control_VGA.vhd 2019/03/04.21:30:13 P.20131013
EN work/v_control_VGA 1551751745 \
      FL C:/Users/laplace/Desktop/Git/voltimetro/application/source/voltimetro/v_control_VGA.vhd \
      PB ieee/std_logic_1164 1381692176 PB ieee/NUMERIC_STD 1381692181
AR work/v_control_VGA/v_control_VGA_a 1551751746 \
      FL C:/Users/laplace/Desktop/Git/voltimetro/application/source/voltimetro/v_control_VGA.vhd \
      EN work/v_control_VGA 1551751745 CP v_cont_h CP v_cont_v CP v_mux_2x1
FL C:/Users/laplace/Desktop/Git/voltimetro/application/source/voltimetro/v_cont_33000.vhd 2019/02/27.20:08:39 P.20131013
EN work/v_cont_33000 1551751735 \
      FL C:/Users/laplace/Desktop/Git/voltimetro/application/source/voltimetro/v_cont_33000.vhd \
      PB ieee/std_logic_1164 1381692176
AR work/v_cont_33000/v_cont_33000_a 1551751736 \
      FL C:/Users/laplace/Desktop/Git/voltimetro/application/source/voltimetro/v_cont_33000.vhd \
      EN work/v_cont_33000 1551751735 CP v_ffd CP v_cont_bin_base
FL C:/Users/laplace/Desktop/Git/voltimetro/application/source/voltimetro/v_cont_BCD.vhd 2019/03/02.18:30:39 P.20131013
EN work/v_cont_BCD 1551751737 \
      FL C:/Users/laplace/Desktop/Git/voltimetro/application/source/voltimetro/v_cont_BCD.vhd \
      PB ieee/std_logic_1164 1381692176 PH work/matrix_type 1551751720
AR work/v_cont_BCD/v_cont_BCD_a 1551751738 \
      FL C:/Users/laplace/Desktop/Git/voltimetro/application/source/voltimetro/v_cont_BCD.vhd \
      EN work/v_cont_BCD 1551751737 CP v_cont_BCD_base
FL C:/Users/laplace/Desktop/Git/voltimetro/application/source/voltimetro/v_cont_BCD_base.vhd 2019/02/27.20:08:39 P.20131013
EN work/v_cont_BCD_base 1551751729 \
      FL C:/Users/laplace/Desktop/Git/voltimetro/application/source/voltimetro/v_cont_BCD_base.vhd \
      PB ieee/std_logic_1164 1381692176
AR work/v_cont_BCD_base/v_cont_BCD_base_a 1551751730 \
      FL C:/Users/laplace/Desktop/Git/voltimetro/application/source/voltimetro/v_cont_BCD_base.vhd \
      EN work/v_cont_BCD_base 1551751729 CP v_ffd CP v_cont_bin_base
FL C:/Users/laplace/Desktop/Git/voltimetro/application/source/voltimetro/v_cont_bin_base.vhd 2019/02/27.20:08:39 P.20131013
EN work/v_cont_bin_base 1551751718 \
      FL C:/Users/laplace/Desktop/Git/voltimetro/application/source/voltimetro/v_cont_bin_base.vhd \
      PB ieee/std_logic_1164 1381692176
AR work/v_cont_bin_base/v_cont_bin_base_a 1551751719 \
      FL C:/Users/laplace/Desktop/Git/voltimetro/application/source/voltimetro/v_cont_bin_base.vhd \
      EN work/v_cont_bin_base 1551751718 CP v_ffd
FL C:/Users/laplace/Desktop/Git/voltimetro/application/source/voltimetro/v_cont_h.vhd 2019/03/04.17:25:33 P.20131013
EN work/v_cont_h 1551751721 \
      FL C:/Users/laplace/Desktop/Git/voltimetro/application/source/voltimetro/v_cont_h.vhd \
      PB ieee/std_logic_1164 1381692176
AR work/v_cont_h/v_cont_h_a 1551751722 \
      FL C:/Users/laplace/Desktop/Git/voltimetro/application/source/voltimetro/v_cont_h.vhd \
      EN work/v_cont_h 1551751721 CP v_ffd CP v_cont_bin_base
FL C:/Users/laplace/Desktop/Git/voltimetro/application/source/voltimetro/v_cont_v.vhd 2019/03/04.22:31:48 P.20131013
EN work/v_cont_v 1551751723 \
      FL C:/Users/laplace/Desktop/Git/voltimetro/application/source/voltimetro/v_cont_v.vhd \
      PB ieee/std_logic_1164 1381692176
AR work/v_cont_v/v_cont_v_a 1551751724 \
      FL C:/Users/laplace/Desktop/Git/voltimetro/application/source/voltimetro/v_cont_v.vhd \
      EN work/v_cont_v 1551751723 CP v_ffd CP v_cont_bin_base
FL C:/Users/laplace/Desktop/Git/voltimetro/application/source/voltimetro/v_div_frec.vhd 2019/03/04.16:07:50 P.20131013
EN work/v_div_frec 1551751731 \
      FL C:/Users/laplace/Desktop/Git/voltimetro/application/source/voltimetro/v_div_frec.vhd \
      PB ieee/std_logic_1164 1381692176
AR work/v_div_frec/v_div_frec_a 1551751732 \
      FL C:/Users/laplace/Desktop/Git/voltimetro/application/source/voltimetro/v_div_frec.vhd \
      EN work/v_div_frec 1551751731 CP v_ffd
FL C:/Users/laplace/Desktop/Git/voltimetro/application/source/voltimetro/v_ffd.vhd 2019/03/01.21:17:43 P.20131013
EN work/v_ffd 1551751716 \
      FL C:/Users/laplace/Desktop/Git/voltimetro/application/source/voltimetro/v_ffd.vhd \
      PB ieee/std_logic_1164 1381692176 PB ieee/STD_LOGIC_UNSIGNED 1381692179
AR work/v_ffd/v_ffd_a 1551751717 \
      FL C:/Users/laplace/Desktop/Git/voltimetro/application/source/voltimetro/v_ffd.vhd \
      EN work/v_ffd 1551751716
FL C:/Users/laplace/Desktop/Git/voltimetro/application/source/voltimetro/v_MUX.vhd 2019/03/04.22:09:43 P.20131013
EN work/v_MUX 1551751741 \
      FL C:/Users/laplace/Desktop/Git/voltimetro/application/source/voltimetro/v_MUX.vhd \
      PB ieee/std_logic_1164 1381692176 PB ieee/NUMERIC_STD 1381692181 \
      PH work/matrix_type 1551751720
AR work/v_MUX/v_MUX_a 1551751742 \
      FL C:/Users/laplace/Desktop/Git/voltimetro/application/source/voltimetro/v_MUX.vhd \
      EN work/v_MUX 1551751741
FL C:/Users/laplace/Desktop/Git/voltimetro/application/source/voltimetro/v_mux_2x1.vhd 2019/03/03.20:54:52 P.20131013
EN work/v_mux_2x1 1551751725 \
      FL C:/Users/laplace/Desktop/Git/voltimetro/application/source/voltimetro/v_mux_2x1.vhd \
      PB ieee/std_logic_1164 1381692176
AR work/v_mux_2x1/v_mux_2x1_a 1551751726 \
      FL C:/Users/laplace/Desktop/Git/voltimetro/application/source/voltimetro/v_mux_2x1.vhd \
      EN work/v_mux_2x1 1551751725
FL C:/Users/laplace/Desktop/Git/voltimetro/application/source/voltimetro/v_reg.vhd 2019/03/04.22:31:08 P.20131013
EN work/v_reg 1551751739 \
      FL C:/Users/laplace/Desktop/Git/voltimetro/application/source/voltimetro/v_reg.vhd \
      PB ieee/std_logic_1164 1381692176 PH work/matrix_type 1551751720
AR work/v_reg/v_reg_a 1551751740 \
      FL C:/Users/laplace/Desktop/Git/voltimetro/application/source/voltimetro/v_reg.vhd \
      EN work/v_reg 1551751739 CP v_reg_base
FL C:/Users/laplace/Desktop/Git/voltimetro/application/source/voltimetro/v_reg_base.vhd 2019/03/02.19:09:07 P.20131013
EN work/v_reg_base 1551751727 \
      FL C:/Users/laplace/Desktop/Git/voltimetro/application/source/voltimetro/v_reg_base.vhd \
      PB ieee/std_logic_1164 1381692176 PH work/matrix_type 1551751720
AR work/v_reg_base/v_reg_base_a 1551751728 \
      FL C:/Users/laplace/Desktop/Git/voltimetro/application/source/voltimetro/v_reg_base.vhd \
      EN work/v_reg_base 1551751727 CP v_ffd
